Loading checkpoint shards:   0%|          | 0/4 [00:00<?, ?it/s]Loading checkpoint shards: 100%|██████████| 4/4 [00:00<00:00, 150.81it/s]
{
 "n_cycles": 18413,
 "AL_q": 2.2308694943789713,
 "AL_0": 2.155759517732037,
 "RCAL": 2.0131428881768314,
 "SAL": 0.2177266062021399,
 "LAL": 0.1426166295552056,
 "P_A": 0.9024028044891301,
 "R_A": 0.9338439058799819,
 "AFS": 0.9178541803370021,
 "branch_divergence_rate": 0.19866398740020638,
 "min_relation_rate": 1.0,
 "first_divergence_depth_hist": {
  "1": 1745,
  "3": 481,
  "4": 259,
  "2": 905,
  "6": 75,
  "5": 135,
  "8": 16,
  "7": 35,
  "9": 7
 }
}
[rcal] DONE /home/thahn1230/dflash_workspace/dflash/runs/dflash_r1d_context_extension_20260814_123938/cycles/rcal__F3b_c8__mtbench.jsonl
