Loading checkpoint shards:   0%|          | 0/4 [00:00<?, ?it/s]Loading checkpoint shards: 100%|██████████| 4/4 [00:00<00:00, 138.19it/s]
Traceback (most recent call last):
  File "<frozen runpy>", line 198, in _run_module_as_main
  File "<frozen runpy>", line 88, in _run_code
  File "/home/thahn1230/dflash_workspace/dflash/seagle_port/rcal_replay.py", line 118, in <module>
    main()
  File "/home/thahn1230/dflash_workspace/dflash/seagle_port/rcal_replay.py", line 98, in main
    recs = replay(args.cycles, args.device)
           ^^^^^^^^^^^^^^^^^^^^^^^^^^^^^^^^
  File "/home/thahn1230/anaconda3/lib/python3.12/site-packages/torch/utils/_contextlib.py", line 116, in decorate_context
    return func(*args, **kwargs)
           ^^^^^^^^^^^^^^^^^^^^^
  File "/home/thahn1230/dflash_workspace/dflash/seagle_port/rcal_replay.py", line 46, in replay
    for ln in open(cycles_path):
              ^^^^^^^^^^^^^^^^^
FileNotFoundError: [Errno 2] No such file or directory: 'cyc__F3_r1d__mtbench.jsonl'
Loading checkpoint shards:   0%|          | 0/4 [00:00<?, ?it/s]Loading checkpoint shards: 100%|██████████| 4/4 [00:00<00:00, 112.87it/s]
Traceback (most recent call last):
  File "<frozen runpy>", line 198, in _run_module_as_main
  File "<frozen runpy>", line 88, in _run_code
  File "/home/thahn1230/dflash_workspace/dflash/seagle_port/rcal_replay.py", line 118, in <module>
    main()
  File "/home/thahn1230/dflash_workspace/dflash/seagle_port/rcal_replay.py", line 98, in main
    recs = replay(args.cycles, args.device)
           ^^^^^^^^^^^^^^^^^^^^^^^^^^^^^^^^
  File "/home/thahn1230/anaconda3/lib/python3.12/site-packages/torch/utils/_contextlib.py", line 116, in decorate_context
    return func(*args, **kwargs)
           ^^^^^^^^^^^^^^^^^^^^^
  File "/home/thahn1230/dflash_workspace/dflash/seagle_port/rcal_replay.py", line 46, in replay
    for ln in open(cycles_path):
              ^^^^^^^^^^^^^^^^^
FileNotFoundError: [Errno 2] No such file or directory: 'cyc__F3_r1d__mtbench.jsonl'
