2026-08-18T15:10:40Z bench autopilot start pid 2044013 (GPU 7)
2026-08-18T15:12:11Z start PTQ_R5 r1
2026-08-18T15:12:16Z end PTQ_R5 r1 rc=1
2026-08-18T15:13:46Z start PTQ_R6 r1
2026-08-18T15:13:51Z end PTQ_R6 r1 rc=1
2026-08-18T15:14:47Z bench autopilot start pid 2044951 (GPU 7)
2026-08-18T15:16:17Z start PTQ_R5 r1
2026-08-18T15:27:25Z end PTQ_R5 r1 rc=0
2026-08-18T15:28:56Z start PTQ_R6 r1
2026-08-18T15:39:10Z end PTQ_R6 r1 rc=0
2026-08-18T15:40:40Z start QAT r1
2026-08-18T15:51:38Z end QAT r1 rc=0
2026-08-18T15:53:08Z start RT_A r1
2026-08-18T15:55:28Z end RT_A r1 rc=0
2026-08-18T15:56:58Z start RT_B r1
2026-08-18T16:06:34Z end RT_B r1 rc=0
2026-08-18T16:08:05Z start PTQ_R5 r2
2026-08-18T16:19:15Z end PTQ_R5 r2 rc=0
2026-08-18T16:20:46Z start PTQ_R6 r2
2026-08-18T16:31:11Z end PTQ_R6 r2 rc=0
2026-08-18T16:32:41Z start QAT r2
2026-08-18T16:43:40Z end QAT r2 rc=0
2026-08-18T16:45:10Z start RT_A r2
2026-08-18T16:47:28Z end RT_A r2 rc=0
2026-08-18T16:48:58Z start RT_B r2
2026-08-18T16:58:01Z end RT_B r2 rc=0
2026-08-18T16:59:31Z start PTQ_R5 r3
2026-08-18T17:10:42Z end PTQ_R5 r3 rc=0
2026-08-18T17:12:13Z start PTQ_R6 r3
2026-08-18T17:22:38Z end PTQ_R6 r3 rc=0
2026-08-18T17:24:08Z start QAT r3
2026-08-18T17:35:06Z end QAT r3 rc=0
2026-08-18T17:36:36Z start RT_A r3
2026-08-18T17:38:53Z end RT_A r3 rc=0
2026-08-18T17:40:23Z start RT_B r3
2026-08-18T17:50:03Z end RT_B r3 rc=0
2026-08-18T17:51:33Z start QAT_valcad r1
2026-08-18T18:03:02Z end QAT_valcad r1 rc=0
2026-08-18T18:03:02Z all jobs done; running analysis
2026-08-18T18:03:07Z autopilot complete: BENCH_DONE
