[lk] 4500 train / 500 val windows obj=hybrid rot=residual trust=none onpolicy=tf core=False
[lk] param audit: trainable=['rot.W'] -> runs/seagle_training_cost_benchmark_20260818_144952/gradchecks/param_audit__bench_r1.pt.json
[lk] step 0: mean_alpha=[0.372, 0.417, 0.146, 0.117] (2s)
[lk] step 20: mean_alpha=[0.427, 0.271, 0.1, 0.16] (37s)
[lk] step 40: mean_alpha=[0.338, 0.393, 0.268, 0.22] (73s)
[lk] step 60: mean_alpha=[0.513, 0.404, 0.217, 0.15] (108s)
[lk] step 80: mean_alpha=[0.394, 0.425, 0.286, 0.362] (143s)
[lk] step 100: mean_alpha=[0.577, 0.471, 0.348, 0.267] (178s)
[lk] step 120: mean_alpha=[0.507, 0.395, 0.381, 0.321] (213s)
[lk] step 140: mean_alpha=[0.443, 0.337, 0.306, 0.432] (248s)
[lk] step 160: mean_alpha=[0.507, 0.361, 0.225, 0.278] (284s)
[lk] step 180: mean_alpha=[0.474, 0.471, 0.473, 0.29] (319s)
[lk] step 200: mean_alpha=[0.491, 0.395, 0.471, 0.26] (354s)
[lk] step 220: mean_alpha=[0.55, 0.387, 0.282, 0.283] (389s)
[lk] step 240: mean_alpha=[0.559, 0.549, 0.549, 0.412] (424s)
[lk] step 260: mean_alpha=[0.47, 0.61, 0.44, 0.522] (459s)
[lk] step 280: mean_alpha=[0.475, 0.379, 0.347, 0.432] (494s)
[lk] step 300: mean_alpha=[0.488, 0.588, 0.439, 0.375] (530s)
[lk] step 320: mean_alpha=[0.477, 0.533, 0.493, 0.45] (565s)
[lk] step 340: mean_alpha=[0.517, 0.637, 0.538, 0.56] (600s)
[lk] step 359: mean_alpha=[0.463, 0.367, 0.399, 0.303] (632s)
[lk] VAL step 359: alpha_by_depth=[0.5118, 0.4423, 0.4803, 0.3733] expected_tau=1.9973 val_loss=2.83590
[lk] PANEL step 359: alpha=[0.51178, 0.44231, 0.48035, 0.37326] top1=[0.48438, 0.54688, 0.57812, 0.51562] exp_tau=1.9973 sl1=[0.68566, 0.80525, 0.81412, 0.88204]
[lk] saved runs/seagle_training_cost_benchmark_20260818_144952/logs/PTQ_R5/bench_r1.pt sha=aba0514b377de394 policy=final_step step=359 best_val={'metric': 2.835904061794281, 'step': 359, 'val_loss': 2.835904061794281, 'val_expected_tau': 1.997349500656128}
