Loading checkpoint shards:   0%|          | 0/4 [00:00<?, ?it/s]Loading checkpoint shards: 100%|██████████| 4/4 [00:00<00:00, 86.74it/s]
Traceback (most recent call last):
  File "<frozen runpy>", line 198, in _run_module_as_main
  File "<frozen runpy>", line 88, in _run_code
  File "/home/thahn1230/dflash_workspace/dflash/seagle_port/eval_al.py", line 254, in <module>
    main()
  File "/home/thahn1230/dflash_workspace/dflash/seagle_port/eval_al.py", line 215, in main
    out = dflash_generate_hooked(
          ^^^^^^^^^^^^^^^^^^^^^^^
  File "/home/thahn1230/anaconda3/lib/python3.12/site-packages/torch/utils/_contextlib.py", line 116, in decorate_context
    return func(*args, **kwargs)
           ^^^^^^^^^^^^^^^^^^^^^
  File "/home/thahn1230/dflash_workspace/dflash/seagle_port/generate.py", line 92, in dflash_generate_hooked
    draft_logits = head_fn(model(
                           ^^^^^^
  File "/home/thahn1230/anaconda3/lib/python3.12/site-packages/torch/nn/modules/module.py", line 1739, in _wrapped_call_impl
    return self._call_impl(*args, **kwargs)
           ^^^^^^^^^^^^^^^^^^^^^^^^^^^^^^^^
  File "/home/thahn1230/anaconda3/lib/python3.12/site-packages/torch/nn/modules/module.py", line 1750, in _call_impl
    return forward_call(*args, **kwargs)
           ^^^^^^^^^^^^^^^^^^^^^^^^^^^^^
  File "/home/thahn1230/dflash_workspace/dflash/seagle_port/vsq_draft_rot.py", line 195, in forward
    wu = self._wq(getattr(self, f"wu_{i}") @ R1)
         ^^^^^^^^^^^^^^^^^^^^^^^^^^^^^^^^^^^^^^^
  File "/home/thahn1230/dflash_workspace/dflash/seagle_port/vsq_draft_rot.py", line 119, in _wq
    return rtn_sym_perchannel(w, self.cfg["w_bits"])
           ^^^^^^^^^^^^^^^^^^^^^^^^^^^^^^^^^^^^^^^^^
  File "/home/thahn1230/dflash_workspace/dflash/seagle_port/rc.py", line 30, in rtn_sym_perchannel
    return w + (q * scale - w).detach()
                ~~~~~~~~~~^~~
torch.OutOfMemoryError: CUDA out of memory. Tried to allocate 192.00 MiB. GPU 0 has a total capacity of 23.52 GiB of which 174.69 MiB is free. Including non-PyTorch memory, this process has 23.34 GiB memory in use. Of the allocated memory 22.77 GiB is allocated by PyTorch, and 112.20 MiB is reserved by PyTorch but unallocated. If reserved but unallocated memory is large try setting PYTORCH_CUDA_ALLOC_CONF=expandable_segments:True to avoid fragmentation.  See documentation for Memory Management  (https://pytorch.org/docs/stable/notes/cuda.html#environment-variables)
[vsq] RotQuantDraft ckpt=/home/thahn1230/dflash_workspace/dflash/runs/dflash_vanilla_spinquant_novelty_20260810_104957/rotations/draft/R1D_s1r1.pt raw=False bits=4
