Loading checkpoint shards:   0%|          | 0/4 [00:00<?, ?it/s]Loading checkpoint shards: 100%|██████████| 4/4 [00:00<00:00, 124.34it/s]
Loading checkpoint shards:   0%|          | 0/4 [00:00<?, ?it/s]Loading checkpoint shards: 100%|██████████| 4/4 [00:00<00:00, 84.09it/s]
Traceback (most recent call last):
  File "<frozen runpy>", line 198, in _run_module_as_main
  File "<frozen runpy>", line 88, in _run_code
  File "/home/thahn1230/dflash_workspace/dflash/seagle_port/eval_al.py", line 261, in <module>
    main()
  File "/home/thahn1230/dflash_workspace/dflash/seagle_port/eval_al.py", line 114, in main
    target = sq.build_target(MODEL, args.target_mode, rbin_path=args.rbin,
             ^^^^^^^^^^^^^^^^^^^^^^^^^^^^^^^^^^^^^^^^^^^^^^^^^^^^^^^^^^^^^
  File "/home/thahn1230/dflash_workspace/dflash/seagle_port/spinquant_target.py", line 112, in build_target
    model = load_target(model_id, dtype=dtype, device=device, attn=attn)
            ^^^^^^^^^^^^^^^^^^^^^^^^^^^^^^^^^^^^^^^^^^^^^^^^^^^^^^^^^^^^
  File "/home/thahn1230/dflash_workspace/dflash/seagle_port/spinquant_target.py", line 46, in load_target
    return m.to(device).eval()
           ^^^^^^^^^^^^
  File "/home/thahn1230/dflash_workspace/venv/lib/python3.12/site-packages/transformers/modeling_utils.py", line 4343, in to
    return super().to(*args, **kwargs)
           ^^^^^^^^^^^^^^^^^^^^^^^^^^^
  File "/home/thahn1230/anaconda3/lib/python3.12/site-packages/torch/nn/modules/module.py", line 1343, in to
    return self._apply(convert)
           ^^^^^^^^^^^^^^^^^^^^
  File "/home/thahn1230/anaconda3/lib/python3.12/site-packages/torch/nn/modules/module.py", line 903, in _apply
    module._apply(fn)
  File "/home/thahn1230/anaconda3/lib/python3.12/site-packages/torch/nn/modules/module.py", line 903, in _apply
    module._apply(fn)
  File "/home/thahn1230/anaconda3/lib/python3.12/site-packages/torch/nn/modules/module.py", line 903, in _apply
    module._apply(fn)
  [Previous line repeated 2 more times]
  File "/home/thahn1230/anaconda3/lib/python3.12/site-packages/torch/nn/modules/module.py", line 930, in _apply
    param_applied = fn(param)
                    ^^^^^^^^^
  File "/home/thahn1230/anaconda3/lib/python3.12/site-packages/torch/nn/modules/module.py", line 1329, in convert
    return t.to(
           ^^^^^
torch.OutOfMemoryError: CUDA out of memory. Tried to allocate 112.00 MiB. GPU 0 has a total capacity of 23.52 GiB of which 91.31 MiB is free. Process 2170170 has 12.49 GiB memory in use. Including non-PyTorch memory, this process has 11.00 GiB memory in use. Of the allocated memory 10.62 GiB is allocated by PyTorch, and 7.64 MiB is reserved by PyTorch but unallocated. If reserved but unallocated memory is large try setting PYTORCH_CUDA_ALLOC_CONF=expandable_segments:True to avoid fragmentation.  See documentation for Memory Management  (https://pytorch.org/docs/stable/notes/cuda.html#environment-variables)
Traceback (most recent call last):
  File "<frozen runpy>", line 198, in _run_module_as_main
  File "<frozen runpy>", line 88, in _run_code
  File "/home/thahn1230/dflash_workspace/dflash/seagle_port/eval_al.py", line 261, in <module>
    main()
  File "/home/thahn1230/dflash_workspace/dflash/seagle_port/eval_al.py", line 114, in main
    target = sq.build_target(MODEL, args.target_mode, rbin_path=args.rbin,
             ^^^^^^^^^^^^^^^^^^^^^^^^^^^^^^^^^^^^^^^^^^^^^^^^^^^^^^^^^^^^^
  File "/home/thahn1230/dflash_workspace/dflash/seagle_port/spinquant_target.py", line 112, in build_target
    model = load_target(model_id, dtype=dtype, device=device, attn=attn)
            ^^^^^^^^^^^^^^^^^^^^^^^^^^^^^^^^^^^^^^^^^^^^^^^^^^^^^^^^^^^^
  File "/home/thahn1230/dflash_workspace/dflash/seagle_port/spinquant_target.py", line 46, in load_target
    return m.to(device).eval()
           ^^^^^^^^^^^^
  File "/home/thahn1230/dflash_workspace/venv/lib/python3.12/site-packages/transformers/modeling_utils.py", line 4343, in to
    return super().to(*args, **kwargs)
           ^^^^^^^^^^^^^^^^^^^^^^^^^^^
  File "/home/thahn1230/anaconda3/lib/python3.12/site-packages/torch/nn/modules/module.py", line 1343, in to
    return self._apply(convert)
           ^^^^^^^^^^^^^^^^^^^^
  File "/home/thahn1230/anaconda3/lib/python3.12/site-packages/torch/nn/modules/module.py", line 903, in _apply
    module._apply(fn)
  File "/home/thahn1230/anaconda3/lib/python3.12/site-packages/torch/nn/modules/module.py", line 903, in _apply
    module._apply(fn)
  File "/home/thahn1230/anaconda3/lib/python3.12/site-packages/torch/nn/modules/module.py", line 903, in _apply
    module._apply(fn)
  [Previous line repeated 2 more times]
  File "/home/thahn1230/anaconda3/lib/python3.12/site-packages/torch/nn/modules/module.py", line 930, in _apply
    param_applied = fn(param)
                    ^^^^^^^^^
  File "/home/thahn1230/anaconda3/lib/python3.12/site-packages/torch/nn/modules/module.py", line 1329, in convert
    return t.to(
           ^^^^^
torch.OutOfMemoryError: CUDA out of memory. Tried to allocate 112.00 MiB. GPU 0 has a total capacity of 23.52 GiB of which 91.31 MiB is free. Including non-PyTorch memory, this process has 12.41 GiB memory in use. Process 2170202 has 11.00 GiB memory in use. Of the allocated memory 12.03 GiB is allocated by PyTorch, and 7.58 MiB is reserved by PyTorch but unallocated. If reserved but unallocated memory is large try setting PYTORCH_CUDA_ALLOC_CONF=expandable_segments:True to avoid fragmentation.  See documentation for Memory Management  (https://pytorch.org/docs/stable/notes/cuda.html#environment-variables)
Loading checkpoint shards:   0%|          | 0/4 [00:00<?, ?it/s]Loading checkpoint shards: 100%|██████████| 4/4 [00:00<00:00, 93.22it/s]
Loading checkpoint shards:   0%|          | 0/4 [00:00<?, ?it/s]Loading checkpoint shards: 100%|██████████| 4/4 [00:00<00:00, 130.19it/s]
Traceback (most recent call last):
  File "<frozen runpy>", line 198, in _run_module_as_main
  File "<frozen runpy>", line 88, in _run_code
  File "/home/thahn1230/dflash_workspace/dflash/seagle_port/eval_al.py", line 261, in <module>
    main()
  File "/home/thahn1230/dflash_workspace/dflash/seagle_port/eval_al.py", line 114, in main
    target = sq.build_target(MODEL, args.target_mode, rbin_path=args.rbin,
             ^^^^^^^^^^^^^^^^^^^^^^^^^^^^^^^^^^^^^^^^^^^^^^^^^^^^^^^^^^^^^
  File "/home/thahn1230/dflash_workspace/dflash/seagle_port/spinquant_target.py", line 112, in build_target
    model = load_target(model_id, dtype=dtype, device=device, attn=attn)
            ^^^^^^^^^^^^^^^^^^^^^^^^^^^^^^^^^^^^^^^^^^^^^^^^^^^^^^^^^^^^
  File "/home/thahn1230/dflash_workspace/dflash/seagle_port/spinquant_target.py", line 46, in load_target
    return m.to(device).eval()
           ^^^^^^^^^^^^
  File "/home/thahn1230/dflash_workspace/venv/lib/python3.12/site-packages/transformers/modeling_utils.py", line 4343, in to
    return super().to(*args, **kwargs)
           ^^^^^^^^^^^^^^^^^^^^^^^^^^^
  File "/home/thahn1230/anaconda3/lib/python3.12/site-packages/torch/nn/modules/module.py", line 1343, in to
    return self._apply(convert)
           ^^^^^^^^^^^^^^^^^^^^
  File "/home/thahn1230/anaconda3/lib/python3.12/site-packages/torch/nn/modules/module.py", line 903, in _apply
    module._apply(fn)
  File "/home/thahn1230/anaconda3/lib/python3.12/site-packages/torch/nn/modules/module.py", line 903, in _apply
    module._apply(fn)
  File "/home/thahn1230/anaconda3/lib/python3.12/site-packages/torch/nn/modules/module.py", line 903, in _apply
    module._apply(fn)
  [Previous line repeated 2 more times]
  File "/home/thahn1230/anaconda3/lib/python3.12/site-packages/torch/nn/modules/module.py", line 930, in _apply
    param_applied = fn(param)
                    ^^^^^^^^^
  File "/home/thahn1230/anaconda3/lib/python3.12/site-packages/torch/nn/modules/module.py", line 1329, in convert
    return t.to(
           ^^^^^
torch.OutOfMemoryError: CUDA out of memory. Tried to allocate 32.00 MiB. GPU 0 has a total capacity of 23.52 GiB of which 11.31 MiB is free. Process 2174327 has 12.74 GiB memory in use. Including non-PyTorch memory, this process has 10.75 GiB memory in use. Of the allocated memory 10.37 GiB is allocated by PyTorch, and 3.64 MiB is reserved by PyTorch but unallocated. If reserved but unallocated memory is large try setting PYTORCH_CUDA_ALLOC_CONF=expandable_segments:True to avoid fragmentation.  See documentation for Memory Management  (https://pytorch.org/docs/stable/notes/cuda.html#environment-variables)
Traceback (most recent call last):
  File "<frozen runpy>", line 198, in _run_module_as_main
  File "<frozen runpy>", line 88, in _run_code
  File "/home/thahn1230/dflash_workspace/dflash/seagle_port/eval_al.py", line 261, in <module>
    main()
  File "/home/thahn1230/dflash_workspace/dflash/seagle_port/eval_al.py", line 114, in main
    target = sq.build_target(MODEL, args.target_mode, rbin_path=args.rbin,
             ^^^^^^^^^^^^^^^^^^^^^^^^^^^^^^^^^^^^^^^^^^^^^^^^^^^^^^^^^^^^^
  File "/home/thahn1230/dflash_workspace/dflash/seagle_port/spinquant_target.py", line 112, in build_target
    model = load_target(model_id, dtype=dtype, device=device, attn=attn)
            ^^^^^^^^^^^^^^^^^^^^^^^^^^^^^^^^^^^^^^^^^^^^^^^^^^^^^^^^^^^^
  File "/home/thahn1230/dflash_workspace/dflash/seagle_port/spinquant_target.py", line 46, in load_target
    return m.to(device).eval()
           ^^^^^^^^^^^^
  File "/home/thahn1230/dflash_workspace/venv/lib/python3.12/site-packages/transformers/modeling_utils.py", line 4343, in to
    return super().to(*args, **kwargs)
           ^^^^^^^^^^^^^^^^^^^^^^^^^^^
  File "/home/thahn1230/anaconda3/lib/python3.12/site-packages/torch/nn/modules/module.py", line 1343, in to
    return self._apply(convert)
           ^^^^^^^^^^^^^^^^^^^^
  File "/home/thahn1230/anaconda3/lib/python3.12/site-packages/torch/nn/modules/module.py", line 903, in _apply
    module._apply(fn)
  File "/home/thahn1230/anaconda3/lib/python3.12/site-packages/torch/nn/modules/module.py", line 903, in _apply
    module._apply(fn)
  File "/home/thahn1230/anaconda3/lib/python3.12/site-packages/torch/nn/modules/module.py", line 903, in _apply
    module._apply(fn)
  [Previous line repeated 2 more times]
  File "/home/thahn1230/anaconda3/lib/python3.12/site-packages/torch/nn/modules/module.py", line 930, in _apply
    param_applied = fn(param)
                    ^^^^^^^^^
  File "/home/thahn1230/anaconda3/lib/python3.12/site-packages/torch/nn/modules/module.py", line 1329, in convert
    return t.to(
           ^^^^^
torch.OutOfMemoryError: CUDA out of memory. Tried to allocate 32.00 MiB. GPU 0 has a total capacity of 23.52 GiB of which 11.31 MiB is free. Including non-PyTorch memory, this process has 12.74 GiB memory in use. Process 2174320 has 10.75 GiB memory in use. Of the allocated memory 12.35 GiB is allocated by PyTorch, and 11.56 MiB is reserved by PyTorch but unallocated. If reserved but unallocated memory is large try setting PYTORCH_CUDA_ALLOC_CONF=expandable_segments:True to avoid fragmentation.  See documentation for Memory Management  (https://pytorch.org/docs/stable/notes/cuda.html#environment-variables)
Loading checkpoint shards:   0%|          | 0/4 [00:00<?, ?it/s]Loading checkpoint shards: 100%|██████████| 4/4 [00:00<00:00, 94.03it/s]
[vsq] RotQuantDraft ckpt=/home/thahn1230/dflash_workspace/dflash/runs/dflash_vanilla_spinquant_novelty_20260810_104957/rotations/draft/R1D_s1r1.pt raw=True bits=4
[M2_vsqraw] 10/40 cycle-tau=1.0000
