Loading checkpoint shards:   0%|          | 0/4 [00:00<?, ?it/s]Loading checkpoint shards: 100%|██████████| 4/4 [00:00<00:00, 127.45it/s]
{
 "n_cycles": 17295,
 "AL_q": 2.439549002601908,
 "AL_0": 2.3479618386817,
 "RCAL": 2.1909800520381615,
 "SAL": 0.2485689505637465,
 "LAL": 0.15698178664353835,
 "P_A": 0.8981086461888511,
 "R_A": 0.9331412529550829,
 "AFS": 0.915289855072464,
 "branch_divergence_rate": 0.21185313674472392,
 "min_relation_rate": 1.0,
 "first_divergence_depth_hist": {
  "1": 1679,
  "3": 508,
  "4": 257,
  "2": 894,
  "5": 158,
  "7": 43,
  "8": 23,
  "6": 86,
  "9": 16
 }
}
[rcal] DONE /home/thahn1230/dflash_workspace/dflash/runs/dflash_vanilla_spinquant_novelty_20260810_104957/cycles/rcal__M5_p2rc__mtbench.jsonl
