[exp/dflash-vanilla-spinquant-novelty-grid 9dbe329] Four-stage rotation distribution visualization audit (session-autonomous DAG): captures/plots/tables/verify
 135 files changed, 189646 insertions(+), 2 deletions(-)
 create mode 100644 runs/FSVIZ_RUN_DIR
 create mode 100644 runs/dflash_fourstage_rotation_distribution_20260811_135618/manifests/VERIFY_PASS
 create mode 100644 runs/dflash_fourstage_rotation_distribution_20260811_135618/manifests/checksums.sha256
 create mode 100644 runs/dflash_fourstage_rotation_distribution_20260811_135618/manifests/config.json
 create mode 100644 runs/dflash_fourstage_rotation_distribution_20260811_135618/manifests/rotations.json
 create mode 100644 runs/dflash_fourstage_rotation_distribution_20260811_135618/plots/FIG_A2_Hconcat_channel_panels.pdf
 create mode 100644 runs/dflash_fourstage_rotation_distribution_20260811_135618/plots/FIG_A2_Hconcat_channel_panels.png
 create mode 100644 runs/dflash_fourstage_rotation_distribution_20260811_135618/plots/FIG_A3_sorted_energy.png
 create mode 100644 runs/dflash_fourstage_rotation_distribution_20260811_135618/plots/FIG_A_Hconcat_before_after_R1_autoscale.png
 create mode 100644 runs/dflash_fourstage_rotation_distribution_20260811_135618/plots/FIG_A_Hconcat_before_after_R1_sameZ.pdf
 create mode 100644 runs/dflash_fourstage_rotation_distribution_20260811_135618/plots/FIG_A_Hconcat_before_after_R1_sameZ.png
 create mode 100644 runs/dflash_fourstage_rotation_distribution_20260811_135618/plots/FIG_B2_Wc_stride_raw_autoscale.png
 create mode 100644 runs/dflash_fourstage_rotation_distribution_20260811_135618/plots/FIG_B2_Wc_stride_raw_sameZ.pdf
 create mode 100644 runs/dflash_fourstage_rotation_distribution_20260811_135618/plots/FIG_B2_Wc_stride_raw_sameZ.png
 create mode 100644 runs/dflash_fourstage_rotation_distribution_20260811_135618/plots/FIG_B_Wc_stockW4_vs_foldW4_autoscale.png
 create mode 100644 runs/dflash_fourstage_rotation_distribution_20260811_135618/plots/FIG_B_Wc_stockW4_vs_foldW4_sameZ.pdf
 create mode 100644 runs/dflash_fourstage_rotation_distribution_20260811_135618/plots/FIG_B_Wc_stockW4_vs_foldW4_sameZ.png
 create mode 100644 runs/dflash_fourstage_rotation_distribution_20260811_135618/plots/FIG_B_Wc_stock_vs_R1fold_autoscale.png
 create mode 100644 runs/dflash_fourstage_rotation_distribution_20260811_135618/plots/FIG_B_Wc_stock_vs_R1fold_sameZ.pdf
 create mode 100644 runs/dflash_fourstage_rotation_distribution_20260811_135618/plots/FIG_B_Wc_stock_vs_R1fold_sameZ.png
 create mode 100644 runs/dflash_fourstage_rotation_distribution_20260811_135618/plots/FIG_C2_Ht_A4_before_after_RC_autoscale.png
 create mode 100644 runs/dflash_fourstage_rotation_distribution_20260811_135618/plots/FIG_C2_Ht_A4_before_after_RC_sameZ.pdf
 create mode 100644 runs/dflash_fourstage_rotation_distribution_20260811_135618/plots/FIG_C2_Ht_A4_before_after_RC_sameZ.png
 create mode 100644 runs/dflash_fourstage_rotation_distribution_20260811_135618/plots/FIG_C_Ht_before_after_RC_autoscale.png
 create mode 100644 runs/dflash_fourstage_rotation_distribution_20260811_135618/plots/FIG_C_Ht_before_after_RC_sameZ.pdf
 create mode 100644 runs/dflash_fourstage_rotation_distribution_20260811_135618/plots/FIG_C_Ht_before_after_RC_sameZ.png
 create mode 100644 runs/dflash_fourstage_rotation_distribution_20260811_135618/plots/FIG_D_L0_context_K_cache_RCoff_on_autoscale.png
 create mode 100644 runs/dflash_fourstage_rotation_distribution_20260811_135618/plots/FIG_D_L0_context_K_cache_RCoff_on_sameZ.pdf
 create mode 100644 runs/dflash_fourstage_rotation_distribution_20260811_135618/plots/FIG_D_L0_context_K_cache_RCoff_on_sameZ.png
 create mode 100644 runs/dflash_fourstage_rotation_distribution_20260811_135618/plots/FIG_D_L0_context_V_cache_RCoff_on_autoscale.png
 create mode 100644 runs/dflash_fourstage_rotation_distribution_20260811_135618/plots/FIG_D_L0_context_V_cache_RCoff_on_sameZ.pdf
 create mode 100644 runs/dflash_fourstage_rotation_distribution_20260811_135618/plots/FIG_D_L0_context_V_cache_RCoff_on_sameZ.png
 create mode 100644 runs/dflash_fourstage_rotation_distribution_20260811_135618/plots/FIG_D_L0_draft_K_cache_RCoff_on_autoscale.png
 create mode 100644 runs/dflash_fourstage_rotation_distribution_20260811_135618/plots/FIG_D_L0_draft_K_cache_RCoff_on_sameZ.pdf
 create mode 100644 runs/dflash_fourstage_rotation_distribution_20260811_135618/plots/FIG_D_L0_draft_K_cache_RCoff_on_sameZ.png
 create mode 100644 runs/dflash_fourstage_rotation_distribution_20260811_135618/plots/FIG_D_L0_draft_V_cache_RCoff_on_autoscale.png
 create mode 100644 runs/dflash_fourstage_rotation_distribution_20260811_135618/plots/FIG_D_L0_draft_V_cache_RCoff_on_sameZ.pdf
 create mode 100644 runs/dflash_fourstage_rotation_distribution_20260811_135618/plots/FIG_D_L0_draft_V_cache_RCoff_on_sameZ.png
 create mode 100644 runs/dflash_fourstage_rotation_distribution_20260811_135618/plots/FIG_D_L1_context_K_cache_RCoff_on_autoscale.png
 create mode 100644 runs/dflash_fourstage_rotation_distribution_20260811_135618/plots/FIG_D_L1_context_K_cache_RCoff_on_sameZ.pdf
 create mode 100644 runs/dflash_fourstage_rotation_distribution_20260811_135618/plots/FIG_D_L1_context_K_cache_RCoff_on_sameZ.png
 create mode 100644 runs/dflash_fourstage_rotation_distribution_20260811_135618/plots/FIG_D_L1_context_V_cache_RCoff_on_autoscale.png
 create mode 100644 runs/dflash_fourstage_rotation_distribution_20260811_135618/plots/FIG_D_L1_context_V_cache_RCoff_on_sameZ.pdf
 create mode 100644 runs/dflash_fourstage_rotation_distribution_20260811_135618/plots/FIG_D_L1_context_V_cache_RCoff_on_sameZ.png
 create mode 100644 runs/dflash_fourstage_rotation_distribution_20260811_135618/plots/FIG_D_L1_draft_K_cache_RCoff_on_autoscale.png
 create mode 100644 runs/dflash_fourstage_rotation_distribution_20260811_135618/plots/FIG_D_L1_draft_K_cache_RCoff_on_sameZ.pdf
 create mode 100644 runs/dflash_fourstage_rotation_distribution_20260811_135618/plots/FIG_D_L1_draft_K_cache_RCoff_on_sameZ.png
 create mode 100644 runs/dflash_fourstage_rotation_distribution_20260811_135618/plots/FIG_D_L1_draft_V_cache_RCoff_on_autoscale.png
 create mode 100644 runs/dflash_fourstage_rotation_distribution_20260811_135618/plots/FIG_D_L1_draft_V_cache_RCoff_on_sameZ.pdf
 create mode 100644 runs/dflash_fourstage_rotation_distribution_20260811_135618/plots/FIG_D_L1_draft_V_cache_RCoff_on_sameZ.png
 create mode 100644 runs/dflash_fourstage_rotation_distribution_20260811_135618/plots/FIG_D_L2_context_K_cache_RCoff_on_autoscale.png
 create mode 100644 runs/dflash_fourstage_rotation_distribution_20260811_135618/plots/FIG_D_L2_context_K_cache_RCoff_on_sameZ.pdf
 create mode 100644 runs/dflash_fourstage_rotation_distribution_20260811_135618/plots/FIG_D_L2_context_K_cache_RCoff_on_sameZ.png
 create mode 100644 runs/dflash_fourstage_rotation_distribution_20260811_135618/plots/FIG_D_L2_context_V_cache_RCoff_on_autoscale.png
 create mode 100644 runs/dflash_fourstage_rotation_distribution_20260811_135618/plots/FIG_D_L2_context_V_cache_RCoff_on_sameZ.pdf
 create mode 100644 runs/dflash_fourstage_rotation_distribution_20260811_135618/plots/FIG_D_L2_context_V_cache_RCoff_on_sameZ.png
 create mode 100644 runs/dflash_fourstage_rotation_distribution_20260811_135618/plots/FIG_D_L2_draft_K_cache_RCoff_on_autoscale.png
 create mode 100644 runs/dflash_fourstage_rotation_distribution_20260811_135618/plots/FIG_D_L2_draft_K_cache_RCoff_on_sameZ.pdf
 create mode 100644 runs/dflash_fourstage_rotation_distribution_20260811_135618/plots/FIG_D_L2_draft_K_cache_RCoff_on_sameZ.png
 create mode 100644 runs/dflash_fourstage_rotation_distribution_20260811_135618/plots/FIG_D_L2_draft_V_cache_RCoff_on_autoscale.png
 create mode 100644 runs/dflash_fourstage_rotation_distribution_20260811_135618/plots/FIG_D_L2_draft_V_cache_RCoff_on_sameZ.pdf
 create mode 100644 runs/dflash_fourstage_rotation_distribution_20260811_135618/plots/FIG_D_L2_draft_V_cache_RCoff_on_sameZ.png
 create mode 100644 runs/dflash_fourstage_rotation_distribution_20260811_135618/plots/FIG_D_L3_context_K_cache_RCoff_on_autoscale.png
 create mode 100644 runs/dflash_fourstage_rotation_distribution_20260811_135618/plots/FIG_D_L3_context_K_cache_RCoff_on_sameZ.pdf
 create mode 100644 runs/dflash_fourstage_rotation_distribution_20260811_135618/plots/FIG_D_L3_context_K_cache_RCoff_on_sameZ.png
 create mode 100644 runs/dflash_fourstage_rotation_distribution_20260811_135618/plots/FIG_D_L3_context_V_cache_RCoff_on_autoscale.png
 create mode 100644 runs/dflash_fourstage_rotation_distribution_20260811_135618/plots/FIG_D_L3_context_V_cache_RCoff_on_sameZ.pdf
 create mode 100644 runs/dflash_fourstage_rotation_distribution_20260811_135618/plots/FIG_D_L3_context_V_cache_RCoff_on_sameZ.png
 create mode 100644 runs/dflash_fourstage_rotation_distribution_20260811_135618/plots/FIG_D_L3_draft_K_cache_RCoff_on_autoscale.png
 create mode 100644 runs/dflash_fourstage_rotation_distribution_20260811_135618/plots/FIG_D_L3_draft_K_cache_RCoff_on_sameZ.pdf
 create mode 100644 runs/dflash_fourstage_rotation_distribution_20260811_135618/plots/FIG_D_L3_draft_K_cache_RCoff_on_sameZ.png
 create mode 100644 runs/dflash_fourstage_rotation_distribution_20260811_135618/plots/FIG_D_L3_draft_V_cache_RCoff_on_autoscale.png
 create mode 100644 runs/dflash_fourstage_rotation_distribution_20260811_135618/plots/FIG_D_L3_draft_V_cache_RCoff_on_sameZ.pdf
 create mode 100644 runs/dflash_fourstage_rotation_distribution_20260811_135618/plots/FIG_D_L3_draft_V_cache_RCoff_on_sameZ.png
 create mode 100644 runs/dflash_fourstage_rotation_distribution_20260811_135618/plots/FIG_D_L4_context_K_cache_RCoff_on_autoscale.png
 create mode 100644 runs/dflash_fourstage_rotation_distribution_20260811_135618/plots/FIG_D_L4_context_K_cache_RCoff_on_sameZ.pdf
 create mode 100644 runs/dflash_fourstage_rotation_distribution_20260811_135618/plots/FIG_D_L4_context_K_cache_RCoff_on_sameZ.png
 create mode 100644 runs/dflash_fourstage_rotation_distribution_20260811_135618/plots/FIG_D_L4_context_V_cache_RCoff_on_autoscale.png
 create mode 100644 runs/dflash_fourstage_rotation_distribution_20260811_135618/plots/FIG_D_L4_context_V_cache_RCoff_on_sameZ.pdf
 create mode 100644 runs/dflash_fourstage_rotation_distribution_20260811_135618/plots/FIG_D_L4_context_V_cache_RCoff_on_sameZ.png
 create mode 100644 runs/dflash_fourstage_rotation_distribution_20260811_135618/plots/FIG_D_L4_draft_K_cache_RCoff_on_autoscale.png
 create mode 100644 runs/dflash_fourstage_rotation_distribution_20260811_135618/plots/FIG_D_L4_draft_K_cache_RCoff_on_sameZ.pdf
 create mode 100644 runs/dflash_fourstage_rotation_distribution_20260811_135618/plots/FIG_D_L4_draft_K_cache_RCoff_on_sameZ.png
 create mode 100644 runs/dflash_fourstage_rotation_distribution_20260811_135618/plots/FIG_D_L4_draft_V_cache_RCoff_on_autoscale.png
 create mode 100644 runs/dflash_fourstage_rotation_distribution_20260811_135618/plots/FIG_D_L4_draft_V_cache_RCoff_on_sameZ.pdf
 create mode 100644 runs/dflash_fourstage_rotation_distribution_20260811_135618/plots/FIG_D_L4_draft_V_cache_RCoff_on_sameZ.png
 create mode 100644 runs/dflash_fourstage_rotation_distribution_20260811_135618/plots/FIG_E_headwise_L0.png
 create mode 100644 runs/dflash_fourstage_rotation_distribution_20260811_135618/plots/FIG_E_headwise_L1.png
 create mode 100644 runs/dflash_fourstage_rotation_distribution_20260811_135618/plots/FIG_E_headwise_L2.png
 create mode 100644 runs/dflash_fourstage_rotation_distribution_20260811_135618/plots/FIG_E_headwise_L3.png
 create mode 100644 runs/dflash_fourstage_rotation_distribution_20260811_135618/plots/FIG_E_headwise_L4.png
 create mode 100644 runs/dflash_fourstage_rotation_distribution_20260811_135618/plots/FIG_ROTATION_FOUR_STAGE_SUMMARY.pdf
 create mode 100644 runs/dflash_fourstage_rotation_distribution_20260811_135618/plots/FIG_ROTATION_FOUR_STAGE_SUMMARY.png
 create mode 100644 runs/dflash_fourstage_rotation_distribution_20260811_135618/plots/WORST_CASE_DIAGNOSTIC_Ht_RC_autoscale.png
 create mode 100644 runs/dflash_fourstage_rotation_distribution_20260811_135618/plots/WORST_CASE_DIAGNOSTIC_Ht_RC_sameZ.pdf
 create mode 100644 runs/dflash_fourstage_rotation_distribution_20260811_135618/plots/WORST_CASE_DIAGNOSTIC_Ht_RC_sameZ.png
 create mode 100644 runs/dflash_fourstage_rotation_distribution_20260811_135618/plots/plot_metadata.json
 create mode 100644 runs/dflash_fourstage_rotation_distribution_20260811_135618/tables/cache_nmse__gsm8k.csv
 create mode 100644 runs/dflash_fourstage_rotation_distribution_20260811_135618/tables/cache_nmse__humaneval.csv
 create mode 100644 runs/dflash_fourstage_rotation_distribution_20260811_135618/tables/cache_nmse__mtbench.csv
 create mode 100644 runs/dflash_fourstage_rotation_distribution_20260811_135618/tables/cache_nmse__sharegpt.csv
 create mode 100644 runs/dflash_fourstage_rotation_distribution_20260811_135618/tables/capstats__gsm8k.json
 create mode 100644 runs/dflash_fourstage_rotation_distribution_20260811_135618/tables/capstats__humaneval.json
 create mode 100644 runs/dflash_fourstage_rotation_distribution_20260811_135618/tables/capstats__mtbench.json
 create mode 100644 runs/dflash_fourstage_rotation_distribution_20260811_135618/tables/capstats__sharegpt.json
 create mode 100644 runs/dflash_fourstage_rotation_distribution_20260811_135618/tables/fourstage_rotation_delta.csv
 create mode 100644 runs/dflash_fourstage_rotation_distribution_20260811_135618/tables/fourstage_rotation_stats.csv
 create mode 100644 runs/dflash_fourstage_rotation_distribution_20260811_135618/tables/kv_cache_write_map.md
 create mode 100644 runs/dflash_fourstage_rotation_distribution_20260811_135618/tables/plot_sample_manifest.csv
 create mode 100644 runs/dflash_fourstage_rotation_distribution_20260811_135618/tables/tensor_location_map.md
 create mode 100644 runs/dflash_fourstage_rotation_distribution_20260811_135618/tables/verify_fourstage_output.txt
 create mode 100644 runs/dflash_fourstage_rotation_distribution_20260811_135618/tables/wc_bin_rms.csv
 create mode 100644 runs/dflash_vanilla_spinquant_novelty_20260810_104957/cycles/cyc__FSTRAJ__humaneval.jsonl
 create mode 100644 runs/dflash_vanilla_spinquant_novelty_20260810_104957/cycles/cyc__FSTRAJ__sharegpt.jsonl
 create mode 100644 runs/dflash_vanilla_spinquant_novelty_20260810_104957/logs/sched_fscap_gsm8k.log
 create mode 100644 runs/dflash_vanilla_spinquant_novelty_20260810_104957/logs/sched_fscap_humaneval.log
 create mode 100644 runs/dflash_vanilla_spinquant_novelty_20260810_104957/logs/sched_fscap_mtbench.log
 create mode 100644 runs/dflash_vanilla_spinquant_novelty_20260810_104957/logs/sched_fscap_sharegpt.log
 create mode 100644 runs/dflash_vanilla_spinquant_novelty_20260810_104957/logs/sched_fscommit.log
 create mode 100644 runs/dflash_vanilla_spinquant_novelty_20260810_104957/logs/sched_fsfinal.log
 create mode 100644 runs/dflash_vanilla_spinquant_novelty_20260810_104957/logs/sched_fsplots.log
 create mode 100644 runs/dflash_vanilla_spinquant_novelty_20260810_104957/logs/sched_fstraj_humaneval.log
 create mode 100644 runs/dflash_vanilla_spinquant_novelty_20260810_104957/logs/sched_fstraj_sharegpt.log
 create mode 100644 runs/dflash_vanilla_spinquant_novelty_20260810_104957/logs/sched_fsverify.log
 create mode 100644 runs/dflash_vanilla_spinquant_novelty_20260810_104957/shards/al__FSTRAJ__fp16__humaneval.csv
 create mode 100644 runs/dflash_vanilla_spinquant_novelty_20260810_104957/shards/al__FSTRAJ__fp16__sharegpt.csv
 create mode 100644 seagle_port/fourstage_capture.py
 create mode 100644 seagle_port/fourstage_finalize.py
 create mode 100644 seagle_port/fourstage_plots.py
 create mode 100644 seagle_port/verify_fourstage_rotation_plots.py
To github.com:thahn1230/SEAGLE.git
   d183b30..9dbe329  exp/dflash-vanilla-spinquant-novelty-grid -> exp/dflash-vanilla-spinquant-novelty-grid
