[fidi_w] fc                       stock        rms 0.1034 absmax 2.078 kurt 4.77 nmse mse 0.02247 rtn 0.10247
[fidi_w] fc_src1                  stock        rms 0.1417 absmax 2.078 kurt 4.10 nmse mse 0.01948 rtn 0.05551
[fidi_w] fc_src8                  stock        rms 0.0992 absmax 1.141 kurt 3.20 nmse mse 0.01281 rtn 0.02710
[fidi_w] fc_src15                 stock        rms 0.1183 absmax 1.039 kurt 3.12 nmse mse 0.01272 rtn 0.02660
[fidi_w] fc_src22                 stock        rms 0.0763 absmax 0.840 kurt 3.10 nmse mse 0.01257 rtn 0.02625
[fidi_w] fc_src29                 stock        rms 0.0608 absmax 0.703 kurt 3.21 nmse mse 0.01289 rtn 0.02707
[fidi_w] fc                       R1T_folded   rms 0.1034 absmax 1.047 kurt 3.99 nmse mse 0.01706 rtn 0.04693
[fidi_w] fc_src1                  R1T_folded   rms 0.1417 absmax 1.023 kurt 3.08 nmse mse 0.01209 rtn 0.02475
[fidi_w] fc_src8                  R1T_folded   rms 0.0992 absmax 1.047 kurt 3.11 nmse mse 0.01210 rtn 0.02476
[fidi_w] fc_src15                 R1T_folded   rms 0.1183 absmax 0.793 kurt 3.03 nmse mse 0.01212 rtn 0.02482
[fidi_w] fc_src22                 R1T_folded   rms 0.0763 absmax 0.566 kurt 3.03 nmse mse 0.01210 rtn 0.02478
[fidi_w] fc_src29                 R1T_folded   rms 0.0608 absmax 0.641 kurt 3.09 nmse mse 0.01214 rtn 0.02485
[fidi_w] l0.q_proj                stock        rms 0.0878 absmax 0.828 kurt 3.12 nmse mse 0.01252 rtn 0.02631
[fidi_w] l0.k_proj                stock        rms 0.0897 absmax 1.211 kurt 3.55 nmse mse 0.01359 rtn 0.02895
[fidi_w] l0.v_proj                stock        rms 0.0522 absmax 0.336 kurt 3.42 nmse mse 0.01259 rtn 0.02635
[fidi_w] l0.o_proj                stock        rms 0.0565 absmax 1.625 kurt 23.61 nmse mse 0.01359 rtn 0.02978
[fidi_w] l0.gate_proj             stock        rms 0.0738 absmax 0.445 kurt 3.13 nmse mse 0.01235 rtn 0.02555
[fidi_w] l0.up_proj               stock        rms 0.0721 absmax 0.498 kurt 3.17 nmse mse 0.01249 rtn 0.02593
[fidi_w] l0.down_proj             stock        rms 0.0721 absmax 2.344 kurt 6.00 nmse mse 0.01337 rtn 0.03276
[fidi_w] l1.q_proj                stock        rms 0.0562 absmax 0.461 kurt 3.52 nmse mse 0.01178 rtn 0.02419
[fidi_w] l1.k_proj                stock        rms 0.0803 absmax 1.109 kurt 3.87 nmse mse 0.01538 rtn 0.03403
[fidi_w] l1.v_proj                stock        rms 0.0674 absmax 0.371 kurt 3.13 nmse mse 0.01240 rtn 0.02574
[fidi_w] l1.o_proj                stock        rms 0.0711 absmax 1.703 kurt 5.61 nmse mse 0.01288 rtn 0.02725
[fidi_w] l1.gate_proj             stock        rms 0.0752 absmax 0.629 kurt 3.09 nmse mse 0.01221 rtn 0.02512
[fidi_w] l1.up_proj               stock        rms 0.0804 absmax 0.594 kurt 3.16 nmse mse 0.01238 rtn 0.02552
[fidi_w] l1.down_proj             stock        rms 0.0812 absmax 2.078 kurt 3.50 nmse mse 0.01288 rtn 0.03166
[fidi_w] l2.q_proj                stock        rms 0.0870 absmax 0.918 kurt 3.53 nmse mse 0.01227 rtn 0.02512
[fidi_w] l2.k_proj                stock        rms 0.0833 absmax 0.664 kurt 3.40 nmse mse 0.01280 rtn 0.02679
[fidi_w] l2.v_proj                stock        rms 0.0842 absmax 0.479 kurt 3.15 nmse mse 0.01260 rtn 0.02599
[fidi_w] l2.o_proj                stock        rms 0.0846 absmax 1.625 kurt 3.43 nmse mse 0.01268 rtn 0.02663
[fidi_w] l2.gate_proj             stock        rms 0.0782 absmax 0.738 kurt 3.07 nmse mse 0.01217 rtn 0.02508
[fidi_w] l2.up_proj               stock        rms 0.0836 absmax 0.941 kurt 3.15 nmse mse 0.01232 rtn 0.02543
[fidi_w] l2.down_proj             stock        rms 0.0834 absmax 2.359 kurt 3.26 nmse mse 0.01301 rtn 0.03286
[fidi_w] l3.q_proj                stock        rms 0.0887 absmax 0.973 kurt 3.59 nmse mse 0.01220 rtn 0.02509
[fidi_w] l3.k_proj                stock        rms 0.0849 absmax 0.617 kurt 3.43 nmse mse 0.01256 rtn 0.02641
[fidi_w] l3.v_proj                stock        rms 0.1056 absmax 0.637 kurt 3.26 nmse mse 0.01290 rtn 0.02706
[fidi_w] l3.o_proj                stock        rms 0.0970 absmax 1.516 kurt 3.53 nmse mse 0.01288 rtn 0.02707
[fidi_w] l3.gate_proj             stock        rms 0.0787 absmax 0.695 kurt 3.04 nmse mse 0.01219 rtn 0.02506
[fidi_w] l3.up_proj               stock        rms 0.0838 absmax 0.977 kurt 3.08 nmse mse 0.01233 rtn 0.02547
[fidi_w] l3.down_proj             stock        rms 0.0843 absmax 1.328 kurt 3.12 nmse mse 0.01269 rtn 0.03158
[fidi_w] l4.q_proj                stock        rms 0.0890 absmax 1.023 kurt 3.70 nmse mse 0.01223 rtn 0.02516
[fidi_w] l4.k_proj                stock        rms 0.0842 absmax 0.582 kurt 3.38 nmse mse 0.01257 rtn 0.02654
[fidi_w] l4.v_proj                stock        rms 0.1105 absmax 0.688 kurt 3.20 nmse mse 0.01283 rtn 0.02686
[fidi_w] l4.o_proj                stock        rms 0.1014 absmax 0.867 kurt 3.20 nmse mse 0.01342 rtn 0.02990
[fidi_w] l4.gate_proj             stock        rms 0.0773 absmax 0.766 kurt 3.04 nmse mse 0.01225 rtn 0.02520
[fidi_w] l4.up_proj               stock        rms 0.0809 absmax 0.781 kurt 3.07 nmse mse 0.01233 rtn 0.02542
[fidi_w] l4.down_proj             stock        rms 0.0804 absmax 3.516 kurt 4.77 nmse mse 0.01317 rtn 0.03454
[fidi_w] l0.q_proj                vsq_deployed rms 0.0826 absmax 0.502 kurt 3.07 nmse mse 0.01212 rtn 0.02482
[fidi_w] l0.k_proj.noise          vsq_deployed rms 0.0841 absmax 0.633 kurt 3.29 nmse mse 0.01210 rtn 0.02470
[fidi_w] l0.k_proj.ctx            vsq_deployed rms 0.1051 absmax 0.747 kurt 3.47 nmse mse 0.01345 rtn 0.02893
[fidi_w] l0.v_proj.noise          vsq_deployed rms 0.0489 absmax 0.298 kurt 3.32 nmse mse 0.01210 rtn 0.02476
[fidi_w] l0.v_proj.ctx            vsq_deployed rms 0.0621 absmax 0.448 kurt 3.67 nmse mse 0.01386 rtn 0.02981
[fidi_w] l0.o_proj                vsq_deployed rms 0.0565 absmax 0.424 kurt 3.27 nmse mse 0.01362 rtn 0.02979
[fidi_w] l0.gate_proj             vsq_deployed rms 0.0598 absmax 0.357 kurt 3.10 nmse mse 0.01211 rtn 0.02488
[fidi_w] l0.up_proj               vsq_deployed rms 0.0585 absmax 0.392 kurt 3.11 nmse mse 0.01212 rtn 0.02474
[fidi_w] l0.down_proj             vsq_deployed rms 0.0721 absmax 0.893 kurt 3.05 nmse mse 0.01214 rtn 0.02824
[fidi_w] l1.q_proj                vsq_deployed rms 0.0296 absmax 0.336 kurt 3.75 nmse mse 0.01206 rtn 0.02463
[fidi_w] l1.k_proj.noise          vsq_deployed rms 0.0420 absmax 0.291 kurt 3.37 nmse mse 0.01213 rtn 0.02479
[fidi_w] l1.k_proj.ctx            vsq_deployed rms 0.0934 absmax 0.865 kurt 3.63 nmse mse 0.01383 rtn 0.03055
[fidi_w] l1.v_proj.noise          vsq_deployed rms 0.0355 absmax 0.196 kurt 3.07 nmse mse 0.01211 rtn 0.02477
[fidi_w] l1.v_proj.ctx            vsq_deployed rms 0.0800 absmax 0.486 kurt 3.33 nmse mse 0.01356 rtn 0.02901
[fidi_w] l1.o_proj                vsq_deployed rms 0.0711 absmax 0.473 kurt 3.08 nmse mse 0.01268 rtn 0.02684
[fidi_w] l1.gate_proj             vsq_deployed rms 0.0500 absmax 0.316 kurt 3.08 nmse mse 0.01211 rtn 0.02475
[fidi_w] l1.up_proj               vsq_deployed rms 0.0538 absmax 0.373 kurt 3.12 nmse mse 0.01211 rtn 0.02476
[fidi_w] l1.down_proj             vsq_deployed rms 0.0812 absmax 0.436 kurt 3.00 nmse mse 0.01213 rtn 0.02821
[fidi_w] l2.q_proj                vsq_deployed rms 0.0931 absmax 0.944 kurt 3.49 nmse mse 0.01210 rtn 0.02476
[fidi_w] l2.k_proj.noise          vsq_deployed rms 0.0885 absmax 0.579 kurt 3.30 nmse mse 0.01212 rtn 0.02493
[fidi_w] l2.k_proj.ctx            vsq_deployed rms 0.0973 absmax 0.716 kurt 3.45 nmse mse 0.01300 rtn 0.02730
[fidi_w] l2.v_proj.noise          vsq_deployed rms 0.0897 absmax 0.486 kurt 3.07 nmse mse 0.01211 rtn 0.02483
[fidi_w] l2.v_proj.ctx            vsq_deployed rms 0.1003 absmax 0.643 kurt 3.39 nmse mse 0.01395 rtn 0.02990
[fidi_w] l2.o_proj                vsq_deployed rms 0.0846 absmax 0.465 kurt 3.06 nmse mse 0.01251 rtn 0.02611
[fidi_w] l2.gate_proj             vsq_deployed rms 0.0568 absmax 0.387 kurt 3.06 nmse mse 0.01210 rtn 0.02478
[fidi_w] l2.up_proj               vsq_deployed rms 0.0609 absmax 0.452 kurt 3.11 nmse mse 0.01210 rtn 0.02473
[fidi_w] l2.down_proj             vsq_deployed rms 0.0834 absmax 0.487 kurt 3.00 nmse mse 0.01214 rtn 0.02835
[fidi_w] l3.q_proj                vsq_deployed rms 0.1177 absmax 1.250 kurt 3.59 nmse mse 0.01212 rtn 0.02486
[fidi_w] l3.k_proj.noise          vsq_deployed rms 0.1120 absmax 0.744 kurt 3.37 nmse mse 0.01214 rtn 0.02508
[fidi_w] l3.k_proj.ctx            vsq_deployed rms 0.0989 absmax 0.667 kurt 3.48 nmse mse 0.01280 rtn 0.02683
[fidi_w] l3.v_proj.noise          vsq_deployed rms 0.1408 absmax 0.776 kurt 3.11 nmse mse 0.01209 rtn 0.02480
[fidi_w] l3.v_proj.ctx            vsq_deployed rms 0.1262 absmax 0.845 kurt 3.53 nmse mse 0.01425 rtn 0.03049
[fidi_w] l3.o_proj                vsq_deployed rms 0.0970 absmax 0.662 kurt 3.07 nmse mse 0.01259 rtn 0.02632
[fidi_w] l3.gate_proj             vsq_deployed rms 0.0581 absmax 0.353 kurt 3.03 nmse mse 0.01211 rtn 0.02478
[fidi_w] l3.up_proj               vsq_deployed rms 0.0620 absmax 0.381 kurt 3.04 nmse mse 0.01211 rtn 0.02472
[fidi_w] l3.down_proj             vsq_deployed rms 0.0843 absmax 0.514 kurt 3.00 nmse mse 0.01214 rtn 0.02830
[fidi_w] l4.q_proj                vsq_deployed rms 0.0979 absmax 1.137 kurt 3.70 nmse mse 0.01212 rtn 0.02482
[fidi_w] l4.k_proj.noise          vsq_deployed rms 0.0922 absmax 0.561 kurt 3.32 nmse mse 0.01209 rtn 0.02466
[fidi_w] l4.k_proj.ctx            vsq_deployed rms 0.0984 absmax 0.684 kurt 3.47 nmse mse 0.01297 rtn 0.02741
[fidi_w] l4.v_proj.noise          vsq_deployed rms 0.1213 absmax 0.724 kurt 3.07 nmse mse 0.01211 rtn 0.02483
[fidi_w] l4.v_proj.ctx            vsq_deployed rms 0.1320 absmax 0.792 kurt 3.45 nmse mse 0.01411 rtn 0.03025
[fidi_w] l4.o_proj                vsq_deployed rms 0.1014 absmax 0.710 kurt 3.12 nmse mse 0.01313 rtn 0.02906
[fidi_w] l4.gate_proj             vsq_deployed rms 0.0542 absmax 0.311 kurt 3.02 nmse mse 0.01209 rtn 0.02477
[fidi_w] l4.up_proj               vsq_deployed rms 0.0568 absmax 0.331 kurt 3.03 nmse mse 0.01211 rtn 0.02473
[fidi_w] l4.down_proj             vsq_deployed rms 0.0804 absmax 0.470 kurt 3.01 nmse mse 0.01215 rtn 0.02827
[fidi_weights] DONE 92 weight-views
