Loading checkpoint shards:   0%|          | 0/4 [00:00<?, ?it/s]Loading checkpoint shards: 100%|██████████| 4/4 [00:00<00:00, 87.70it/s]
[qat Q2] trainable 1090.5M params lr 0.3
[init] val_ce 7.0572
{'step': 20, 'loss': 5.752, 'acc': 0.125}
{'step': 40, 'loss': 8.1135, 'acc': 0.0}
[val] 50 ce 7.6085
{'step': 60, 'loss': 6.6748, 'acc': 0.0278}
{'step': 80, 'loss': 3.7334, 'acc': 0.1832}
{'step': 100, 'loss': 3.8493, 'acc': 0.2431}
[val] 100 ce 4.9154
{'step': 120, 'loss': 4.3575, 'acc': 0.1163}
{'step': 140, 'loss': 4.1036, 'acc': 0.1884}
[val] 150 ce 4.5180
{'step': 160, 'loss': 2.9957, 'acc': 0.2519}
{'step': 180, 'loss': 2.3199, 'acc': 0.3264}
{'step': 200, 'loss': 3.5532, 'acc': 0.234}
[val] 200 ce 4.3674
{'step': 220, 'loss': 2.511, 'acc': 0.3404}
{'step': 240, 'loss': 2.5911, 'acc': 0.3333}
[val] 250 ce 4.2627
{'step': 260, 'loss': 2.4061, 'acc': 0.3309}
{'step': 280, 'loss': 1.5782, 'acc': 0.4444}
{'step': 300, 'loss': 3.2101, 'acc': 0.2639}
[val] 300 ce 4.2321
{'step': 320, 'loss': 8.2287, 'acc': 0.0625}
{'step': 340, 'loss': 1.9466, 'acc': 0.4191}
[val] 350 ce 3.8738
{'step': 360, 'loss': 2.1483, 'acc': 0.3611}
{'step': 380, 'loss': 2.176, 'acc': 0.4028}
{'step': 400, 'loss': 2.5526, 'acc': 0.3088}
[val] 400 ce 3.6024
[qat Q2] DONE init 7.0572 best 3.6024 @ 400
