08-14 12:56:28 SCHEDULER-START
08-14 12:57:09 START C1_r1d__gsm8kvalid gpus=[0]
08-14 12:57:09 START C0_none__gsm8kvalid gpus=[1]
08-14 12:57:09 START C2_r1t__gsm8kvalid gpus=[2]
08-14 12:57:09 START C4_had__gsm8kvalid gpus=[3]
08-14 12:57:09 START C5_rnd_s101__gsm8kvalid gpus=[4]
08-14 12:57:09 START C5_rnd_s102__gsm8kvalid gpus=[5]
08-14 12:57:09 START C5_rnd_s103__gsm8kvalid gpus=[6]
08-14 13:07:29 DONE C1_r1d__gsm8kvalid
08-14 13:07:49 DONE C4_had__gsm8kvalid
08-14 13:07:49 DONE C5_rnd_s101__gsm8kvalid
08-14 13:08:10 DONE C2_r1t__gsm8kvalid
08-14 13:08:10 DONE C5_rnd_s103__gsm8kvalid
08-14 13:08:10 START C5_rnd_s1234__gsm8kvalid gpus=[0]
08-14 13:08:30 DONE C5_rnd_s102__gsm8kvalid
08-14 13:08:30 START C6_learned__gsm8kvalid gpus=[3]
08-14 13:08:30 START C7_combo__gsm8kvalid gpus=[4]
08-14 13:11:32 DONE C0_none__gsm8kvalid
08-14 13:18:16 DONE C5_rnd_s1234__gsm8kvalid
08-14 13:18:36 DONE C7_combo__gsm8kvalid
08-14 13:18:57 DONE C6_learned__gsm8kvalid
08-14 13:18:57 QUEUE-DRAINED (idle, waiting for appends)
08-14 13:20:17 QUEUE-DRAINED (idle, waiting for appends)
08-14 13:21:38 QUEUE-DRAINED (idle, waiting for appends)
08-14 13:22:58 QUEUE-DRAINED (idle, waiting for appends)
08-14 13:24:18 START C8_resid__gsm8kvalid gpus=[0]
08-14 13:24:18 START C1_r1d_p2__gsm8kvalid gpus=[1]
08-14 13:29:23 START QATtrain_CQ_r1d gpus=[2]
08-14 13:32:26 START C9_r1dc__gsm8kvalid gpus=[3]
08-14 13:36:07 DONE C1_r1d_p2__gsm8kvalid
08-14 13:37:08 DONE C8_resid__gsm8kvalid
08-14 13:37:08 DONE QATtrain_CQ_r1d
08-14 13:37:08 START CQ_r1d_qat__gsm8kvalid gpus=[1]
08-14 13:38:09 START F3_r1d__gsm8k gpus=[0]
08-14 13:38:09 START F3_r1d__humaneval gpus=[2]
08-14 13:38:09 START F3b_c8__gsm8k gpus=[4]
08-14 13:38:09 START F3b_c8__humaneval gpus=[5]
08-14 13:38:09 START F3c_c9__gsm8k gpus=[6]
08-14 13:45:09 DONE C9_r1dc__gsm8kvalid
08-14 13:45:50 START F3c_c9__humaneval gpus=[3]
08-14 13:48:50 DONE CQ_r1d_qat__gsm8kvalid
08-14 13:49:30 START F5b_r1d_p2__gsm8k gpus=[1]
08-14 13:57:30 SKIP-ARTIFACT F5b_r1d_p2__humaneval
08-14 14:02:50 DONE F3b_c8__humaneval
08-14 14:03:30 START F6b_r1d_p2_qat__gsm8k gpus=[5]
08-14 14:04:30 DONE F3_r1d__humaneval
08-14 14:05:10 START F6b_r1d_p2_qat__humaneval gpus=[2]
08-14 14:05:30 DONE F3c_c9__gsm8k
08-14 14:06:10 START F3_r1d__mtbench gpus=[6]
08-14 14:06:50 DONE F3_r1d__gsm8k
08-14 14:07:31 START F3b_c8__mtbench gpus=[0]
08-14 14:09:11 DONE F3b_c8__gsm8k
08-14 14:09:51 DONE F3c_c9__humaneval
08-14 14:09:51 START F3c_c9__mtbench gpus=[4]
08-14 14:10:31 START F5b_r1d_p2__mtbench gpus=[3]
08-14 14:16:51 DONE F5b_r1d_p2__gsm8k
08-14 14:17:31 START F6b_r1d_p2_qat__mtbench gpus=[1]
08-14 14:26:51 DONE F6b_r1d_p2_qat__humaneval
08-14 14:27:31 START F3_r1d__sharegpt gpus=[2]
08-14 14:30:11 DONE F6b_r1d_p2_qat__gsm8k
08-14 14:30:52 START F3b_c8__sharegpt gpus=[5]
08-14 14:37:32 SKIP-ARTIFACT F3c_c9__sharegpt
08-14 14:48:12 DONE F3b_c8__mtbench
08-14 14:48:52 START F5b_r1d_p2__sharegpt gpus=[0]
08-14 14:49:12 DONE F3_r1d__mtbench
08-14 14:49:52 START F6b_r1d_p2_qat__sharegpt gpus=[6]
08-14 14:50:12 DONE F3c_c9__mtbench
08-14 14:50:32 DONE F5b_r1d_p2__mtbench
08-14 14:50:52 START rcal_F3_r1d gpus=[4]
08-14 14:51:12 FAIL rcal_F3_r1d rc=1 -> RETRY
08-14 14:51:12 START rcal_F3_r1d gpus=[3]
08-14 14:51:32 FAIL rcal_F3_r1d rc=1 -> GAVE-UP (see /home/thahn1230/dflash_workspace/dflash/runs/dflash_r1d_context_extension_20260814_123938/logs/sched_rcal_F3_r1d.log)
08-14 14:51:53 START rcal_F3b_c8 gpus=[4]
08-14 14:52:13 FAIL rcal_F3b_c8 rc=1 -> RETRY
08-14 14:52:13 START rcal_F3b_c8 gpus=[3]
08-14 14:52:33 FAIL rcal_F3b_c8 rc=1 -> GAVE-UP (see /home/thahn1230/dflash_workspace/dflash/runs/dflash_r1d_context_extension_20260814_123938/logs/sched_rcal_F3b_c8.log)
08-14 14:52:53 START rcal_F3c_c9 gpus=[4]
08-14 14:53:13 FAIL rcal_F3c_c9 rc=1 -> RETRY
08-14 14:53:13 START rcal_F3c_c9 gpus=[3]
08-14 14:53:33 FAIL rcal_F3c_c9 rc=1 -> GAVE-UP (see /home/thahn1230/dflash_workspace/dflash/runs/dflash_r1d_context_extension_20260814_123938/logs/sched_rcal_F3c_c9.log)
08-14 14:53:53 START rcal_F5b_r1d_p2 gpus=[4]
08-14 14:54:13 FAIL rcal_F5b_r1d_p2 rc=1 -> RETRY
08-14 14:54:14 START rcal_F5b_r1d_p2 gpus=[3]
08-14 14:54:34 FAIL rcal_F5b_r1d_p2 rc=1 -> GAVE-UP (see /home/thahn1230/dflash_workspace/dflash/runs/dflash_r1d_context_extension_20260814_123938/logs/sched_rcal_F5b_r1d_p2.log)
08-14 14:56:14 DONE F6b_r1d_p2_qat__mtbench
08-14 14:56:14 START rcal_F6b_r1d_p2_qat gpus=[3]
08-14 14:56:34 DONE F3_r1d__sharegpt
08-14 14:56:34 FAIL rcal_F6b_r1d_p2_qat rc=1 -> RETRY
08-14 14:56:35 START rcal_F6b_r1d_p2_qat gpus=[4]
08-14 14:56:55 FAIL rcal_F6b_r1d_p2_qat rc=1 -> GAVE-UP (see /home/thahn1230/dflash_workspace/dflash/runs/dflash_r1d_context_extension_20260814_123938/logs/sched_rcal_F6b_r1d_p2_qat.log)
08-14 15:00:17 DONE F3b_c8__sharegpt
08-14 15:00:17 START rcal2_F3_r1d gpus=[1]
08-14 15:00:17 START rcal2_F3b_c8 gpus=[2]
08-14 15:00:17 START rcal2_F3c_c9 gpus=[3]
08-14 15:00:17 START rcal2_F5b_r1d_p2 gpus=[4]
08-14 15:00:57 START rcal2_F6b_r1d_p2_qat gpus=[5]
08-14 15:07:17 DONE rcal2_F5b_r1d_p2
08-14 15:07:37 DONE rcal2_F3b_c8
08-14 15:07:37 DONE rcal2_F3c_c9
08-14 15:07:37 DONE rcal2_F6b_r1d_p2_qat
08-14 15:07:58 DONE rcal2_F3_r1d
08-14 15:16:05 DONE F6b_r1d_p2_qat__sharegpt
08-14 15:16:25 DONE F5b_r1d_p2__sharegpt
08-14 15:16:26 QUEUE-DRAINED (idle, waiting for appends)
08-14 15:17:46 QUEUE-DRAINED (idle, waiting for appends)
08-14 15:19:06 QUEUE-DRAINED (idle, waiting for appends)
08-14 15:20:27 QUEUE-DRAINED (idle, waiting for appends)
08-14 15:21:47 QUEUE-DRAINED (idle, waiting for appends)
08-14 15:23:08 QUEUE-DRAINED (idle, waiting for appends)
08-14 15:24:28 QUEUE-DRAINED (idle, waiting for appends)
08-14 15:25:49 QUEUE-DRAINED (idle, waiting for appends)
08-14 15:27:09 QUEUE-DRAINED (idle, waiting for appends)
08-14 15:28:30 QUEUE-DRAINED (idle, waiting for appends)
